NWSENWSESWNWN
ESWSWNENWNESENESWNW
NWSENENWNWSWNWSENE
NESENESWNENENW
SENWNWSWSESWSESENWS
SENWNWNWSENWNESWSW
SENWNWSESENWNWSENW
WSENENWSESWSWNWNESENW
NESWNENESESWNWNWSESWNWS
SWNWNESWNWSESENENWSESW
NWSESESWNESESENWNESW
NESWNENWNWSESENENWSENE
SWSENENWNWSENESENWSWNES
NESWSESWNESWSENESEN
NESWSWNWSENWNESWSESWNWSEN